---
source: tui2/src/bottom_pane/chat_composer.rs
expression: terminal.backend()
---
"                                                            "
"› /mo                                                       "
"                                                            "
"  /mo  ·  tab complete  ·  enter run  ·  esc close          "
"    ↓ 2 more below                                          "
