---
source: tui2/src/bottom_pane/chat_composer.rs
expression: terminal.backend()
---
"╭──────────────────────────────────────────────────────────╮"
"│ /res                                                     │"
"╰──────────────────────────────────────────────────────────╯"
"  ╭─ Commands ──────────────────────────────────────────────"
"  │ /res  ·  tab complete  ·  enter run  ·  esc close      │"
"  ╰────────────────────────────────────────────────────────╯"
