---
source: tui2/src/chatwidget/tests.rs
expression: term.backend().vt100().screen().contents()
---



























──  Azure Codex
────────────────────────────────────────────────────────────────
  I’m going to search the repo for where “Change Approved” is rendered to update
  that view.
╭─ Azure Codex ─────────────────────────────────────────────────────────────────
│ ● gpt-5.2-codex  ·  ctrl + k commands  ·  ? shortcuts                        │
╰──────────────────────────────────────────────────────────────────────────────╯
• Investigating rendering code (0s • esc to interrupt)

╭──────────────────────────────────────────────────────────────────────────────╮
│ Summarize recent commits                                                     │
╰──────────────────────────────────────────────────────────────────────────────╯
  ? for shortcuts
