---
source: tui2/src/chatwidget/tests.rs
expression: term.backend().vt100().screen().contents()
---































──  Azure Codex
────────────────────────────────────────────────────────────────
      -- Indented code block (4 spaces)
      SELECT *
      FROM "users"
      WHERE "email" LIKE '%@example.com';

    📄 markdown ────────────────────
  ```sh
  printf 'fenced within fenced\n'
  ```

    📦 jsonc ────────────────────
  {
    // comment allowed in jsonc
    "path": "C:\\Program Files\\App",
    "regex": "^foo.*(bar)?$"
  }
